2026-09-29T13:35:32.257Z pw:browser <launching> /home/coder/.cache/ms-playwright/webkit-2336/pw_run.sh --inspector-pipe --headless --no-startup-window
2026-09-29T13:35:32.268Z pw:browser <launched> pid=228210
2026-09-29T13:35:32.633Z pw:browser [pid=228210][err] 
2026-09-29T13:35:32.633Z pw:browser [pid=228210][err] ** (MiniBrowser:228216): CRITICAL **: 13:35:32.625: WebKitWebView is-controlled-by-automation set but automation is not allowed in the context, falling back to default session.
2026-09-29T13:35:33.048Z pw:browser [pid=228210][err] libEGL warning: failed to get driver name for fd -1
2026-09-29T13:35:33.049Z pw:browser [pid=228210][err] 
2026-09-29T13:35:33.050Z pw:browser [pid=228210][err] libEGL warning: MESA-LOADER: failed to retrieve device information
2026-09-29T13:35:33.050Z pw:browser [pid=228210][err] 
2026-09-29T13:35:33.050Z pw:browser [pid=228210][err] libEGL warning: failed to get driver name for fd -1
2026-09-29T13:35:33.052Z pw:browser [pid=228210][err] 
2026-09-29T13:35:33.071Z pw:browser [pid=228210][err] MESA: error: ZINK: vkCreateInstance failed (VK_ERROR_INCOMPATIBLE_DRIVER)
2026-09-29T13:35:33.073Z pw:browser [pid=228210][err] libEGL warning: egl: failed to create dri2 screen
2026-09-29T13:35:42.667Z pw:browser [pid=228210][err] 
2026-09-29T13:35:42.668Z pw:browser [pid=228210][err] ** (MiniBrowser:228216): CRITICAL **: 13:35:42.667: WebKitWebView is-controlled-by-automation set but automation is not allowed in the context, falling back to default session.
2026-09-29T13:35:43.070Z pw:browser [pid=228210][err] libEGL warning: failed to get driver name for fd -1
2026-09-29T13:35:43.070Z pw:browser [pid=228210][err] 
2026-09-29T13:35:43.073Z pw:browser [pid=228210][err] libEGL warning: MESA-LOADER: failed to retrieve device information
2026-09-29T13:35:43.073Z pw:browser [pid=228210][err] 
2026-09-29T13:35:43.074Z pw:browser [pid=228210][err] libEGL warning: failed to get driver name for fd -1
2026-09-29T13:35:43.074Z pw:browser [pid=228210][err] 
2026-09-29T13:35:43.097Z pw:browser [pid=228210][err] MESA: error: ZINK: vkCreateInstance failed (VK_ERROR_INCOMPATIBLE_DRIVER)
2026-09-29T13:35:43.098Z pw:browser [pid=228210][err] libEGL warning: egl: failed to create dri2 screen
2026-09-29T13:35:51.785Z pw:browser [pid=228210][err] 
2026-09-29T13:35:51.785Z pw:browser [pid=228210][err] ** (MiniBrowser:228216): CRITICAL **: 13:35:51.784: WebKitWebView is-controlled-by-automation set but automation is not allowed in the context, falling back to default session.
2026-09-29T13:35:52.253Z pw:browser [pid=228210][err] libEGL warning: failed to get driver name for fd -1
2026-09-29T13:35:52.253Z pw:browser [pid=228210][err] 
2026-09-29T13:35:52.255Z pw:browser [pid=228210][err] libEGL warning: MESA-LOADER: failed to retrieve device information
2026-09-29T13:35:52.256Z pw:browser [pid=228210][err] 
2026-09-29T13:35:52.256Z pw:browser [pid=228210][err] libEGL warning: failed to get driver name for fd -1
2026-09-29T13:35:52.256Z pw:browser [pid=228210][err] 
2026-09-29T13:35:52.284Z pw:browser [pid=228210][err] MESA: error: ZINK: vkCreateInstance failed (VK_ERROR_INCOMPATIBLE_DRIVER)
2026-09-29T13:35:52.286Z pw:browser [pid=228210][err] libEGL warning: egl: failed to create dri2 screen
2026-09-29T13:35:54.178Z pw:browser [pid=228210][err] 
2026-09-29T13:35:54.178Z pw:browser [pid=228210][err] ** (MiniBrowser:228216): CRITICAL **: 13:35:54.177: WebKitWebView is-controlled-by-automation set but automation is not allowed in the context, falling back to default session.
2026-09-29T13:35:54.566Z pw:browser [pid=228210][err] libEGL warning: failed to get driver name for fd -1
2026-09-29T13:35:54.566Z pw:browser [pid=228210][err] 
2026-09-29T13:35:54.569Z pw:browser [pid=228210][err] libEGL warning: MESA-LOADER: failed to retrieve device information
2026-09-29T13:35:54.572Z pw:browser [pid=228210][err] 
2026-09-29T13:35:54.572Z pw:browser [pid=228210][err] libEGL warning: failed to get driver name for fd -1
2026-09-29T13:35:54.573Z pw:browser [pid=228210][err] 
2026-09-29T13:35:54.596Z pw:browser [pid=228210][err] MESA: error: ZINK: vkCreateInstance failed (VK_ERROR_INCOMPATIBLE_DRIVER)
2026-09-29T13:35:54.600Z pw:browser [pid=228210][err] libEGL warning: egl: failed to create dri2 screen
2026-09-29T13:36:04.879Z pw:browser [pid=228210][err] 
2026-09-29T13:36:04.879Z pw:browser [pid=228210][err] ** (MiniBrowser:228216): CRITICAL **: 13:36:04.878: WebKitWebView is-controlled-by-automation set but automation is not allowed in the context, falling back to default session.
2026-09-29T13:36:05.270Z pw:browser [pid=228210][err] libEGL warning: failed to get driver name for fd -1
2026-09-29T13:36:05.272Z pw:browser [pid=228210][err] 
2026-09-29T13:36:05.272Z pw:browser [pid=228210][err] libEGL warning: MESA-LOADER: failed to retrieve device information
2026-09-29T13:36:05.272Z pw:browser [pid=228210][err] 
2026-09-29T13:36:05.273Z pw:browser [pid=228210][err] libEGL warning: failed to get driver name for fd -1
2026-09-29T13:36:05.273Z pw:browser [pid=228210][err] 
2026-09-29T13:36:05.294Z pw:browser [pid=228210][err] MESA: error: ZINK: vkCreateInstance failed (VK_ERROR_INCOMPATIBLE_DRIVER)
2026-09-29T13:36:05.295Z pw:browser [pid=228210][err] libEGL warning: egl: failed to create dri2 screen
2026-09-29T13:36:13.662Z pw:browser [pid=228210][err] 
2026-09-29T13:36:13.663Z pw:browser [pid=228210][err] ** (MiniBrowser:228216): CRITICAL **: 13:36:13.662: WebKitWebView is-controlled-by-automation set but automation is not allowed in the context, falling back to default session.
2026-09-29T13:36:14.146Z pw:browser [pid=228210][err] libEGL warning: failed to get driver name for fd -1
2026-09-29T13:36:14.146Z pw:browser [pid=228210][err] 
2026-09-29T13:36:14.148Z pw:browser [pid=228210][err] libEGL warning: MESA-LOADER: failed to retrieve device information
2026-09-29T13:36:14.149Z pw:browser [pid=228210][err] 
2026-09-29T13:36:14.149Z pw:browser [pid=228210][err] libEGL warning: failed to get driver name for fd -1
2026-09-29T13:36:14.150Z pw:browser [pid=228210][err] 
2026-09-29T13:36:14.186Z pw:browser [pid=228210][err] MESA: error: ZINK: vkCreateInstance failed (VK_ERROR_INCOMPATIBLE_DRIVER)
2026-09-29T13:36:14.186Z pw:browser [pid=228210][err] libEGL warning: egl: failed to create dri2 screen
2026-09-29T13:36:18.168Z pw:browser [pid=228210][err] 
2026-09-29T13:36:18.169Z pw:browser [pid=228210][err] ** (MiniBrowser:228216): CRITICAL **: 13:36:18.168: WebKitWebView is-controlled-by-automation set but automation is not allowed in the context, falling back to default session.
2026-09-29T13:36:18.556Z pw:browser [pid=228210][err] libEGL warning: failed to get driver name for fd -1
2026-09-29T13:36:18.557Z pw:browser [pid=228210][err] 
2026-09-29T13:36:18.559Z pw:browser [pid=228210][err] libEGL warning: MESA-LOADER: failed to retrieve device information
2026-09-29T13:36:18.559Z pw:browser [pid=228210][err] 
2026-09-29T13:36:18.559Z pw:browser [pid=228210][err] libEGL warning: failed to get driver name for fd -1
2026-09-29T13:36:18.559Z pw:browser [pid=228210][err] 
2026-09-29T13:36:18.581Z pw:browser [pid=228210][err] MESA: error: ZINK: vkCreateInstance failed (VK_ERROR_INCOMPATIBLE_DRIVER)
2026-09-29T13:36:18.581Z pw:browser [pid=228210][err] libEGL warning: egl: failed to create dri2 screen
2026-09-29T13:36:26.047Z pw:browser [pid=228210][err] 
2026-09-29T13:36:26.047Z pw:browser [pid=228210][err] ** (MiniBrowser:228216): CRITICAL **: 13:36:26.046: WebKitWebView is-controlled-by-automation set but automation is not allowed in the context, falling back to default session.
2026-09-29T13:36:26.521Z pw:browser [pid=228210][err] libEGL warning: failed to get driver name for fd -1
2026-09-29T13:36:26.521Z pw:browser [pid=228210][err] 
2026-09-29T13:36:26.523Z pw:browser [pid=228210][err] libEGL warning: MESA-LOADER: failed to retrieve device information
2026-09-29T13:36:26.523Z pw:browser [pid=228210][err] 
2026-09-29T13:36:26.523Z pw:browser [pid=228210][err] libEGL warning: failed to get driver name for fd -1
2026-09-29T13:36:26.523Z pw:browser [pid=228210][err] 
2026-09-29T13:36:26.549Z pw:browser [pid=228210][err] MESA: error: ZINK: vkCreateInstance failed (VK_ERROR_INCOMPATIBLE_DRIVER)
2026-09-29T13:36:26.550Z pw:browser [pid=228210][err] libEGL warning: egl: failed to create dri2 screen
2026-09-29T13:36:28.356Z pw:browser [pid=228210][err] 
2026-09-29T13:36:28.357Z pw:browser [pid=228210][err] ** (MiniBrowser:228216): CRITICAL **: 13:36:28.354: WebKitWebView is-controlled-by-automation set but automation is not allowed in the context, falling back to default session.
2026-09-29T13:36:28.694Z pw:browser [pid=228210][err] libEGL warning: failed to get driver name for fd -1
2026-09-29T13:36:28.694Z pw:browser [pid=228210][err] 
2026-09-29T13:36:28.696Z pw:browser [pid=228210][err] libEGL warning: MESA-LOADER: failed to retrieve device information
2026-09-29T13:36:28.696Z pw:browser [pid=228210][err] 
2026-09-29T13:36:28.696Z pw:browser [pid=228210][err] libEGL warning: failed to get driver name for fd -1
2026-09-29T13:36:28.696Z pw:browser [pid=228210][err] 
2026-09-29T13:36:28.712Z pw:browser [pid=228210][err] MESA: error: ZINK: vkCreateInstance failed (VK_ERROR_INCOMPATIBLE_DRIVER)
2026-09-29T13:36:28.713Z pw:browser [pid=228210][err] libEGL warning: egl: failed to create dri2 screen
2026-09-29T13:36:32.688Z pw:browser [pid=228210][err] 
2026-09-29T13:36:32.688Z pw:browser [pid=228210][err] ** (MiniBrowser:228216): CRITICAL **: 13:36:32.687: WebKitWebView is-controlled-by-automation set but automation is not allowed in the context, falling back to default session.
2026-09-29T13:36:33.153Z pw:browser [pid=228210][err] libEGL warning: failed to get driver name for fd -1
2026-09-29T13:36:33.153Z pw:browser [pid=228210][err] 
2026-09-29T13:36:33.155Z pw:browser [pid=228210][err] libEGL warning: MESA-LOADER: failed to retrieve device information
2026-09-29T13:36:33.155Z pw:browser [pid=228210][err] 
2026-09-29T13:36:33.155Z pw:browser [pid=228210][err] libEGL warning: failed to get driver name for fd -1
2026-09-29T13:36:33.155Z pw:browser [pid=228210][err] 
2026-09-29T13:36:33.184Z pw:browser [pid=228210][err] MESA: error: ZINK: vkCreateInstance failed (VK_ERROR_INCOMPATIBLE_DRIVER)
2026-09-29T13:36:33.201Z pw:browser [pid=228210][err] libEGL warning: egl: failed to create dri2 screen
2026-09-29T13:36:40.633Z pw:browser [pid=228210][err] 
2026-09-29T13:36:40.633Z pw:browser [pid=228210][err] ** (MiniBrowser:228216): CRITICAL **: 13:36:40.624: WebKitWebView is-controlled-by-automation set but automation is not allowed in the context, falling back to default session.
2026-09-29T13:36:41.034Z pw:browser [pid=228210][err] libEGL warning: failed to get driver name for fd -1
2026-09-29T13:36:41.034Z pw:browser [pid=228210][err] 
2026-09-29T13:36:41.036Z pw:browser [pid=228210][err] libEGL warning: MESA-LOADER: failed to retrieve device information
2026-09-29T13:36:41.036Z pw:browser [pid=228210][err] 
2026-09-29T13:36:41.036Z pw:browser [pid=228210][err] libEGL warning: failed to get driver name for fd -1
2026-09-29T13:36:41.036Z pw:browser [pid=228210][err] 
2026-09-29T13:36:41.052Z pw:browser [pid=228210][err] MESA: error: ZINK: vkCreateInstance failed (VK_ERROR_INCOMPATIBLE_DRIVER)
2026-09-29T13:36:41.052Z pw:browser [pid=228210][err] libEGL warning: egl: failed to create dri2 screen
2026-09-29T13:36:43.136Z pw:browser [pid=228210][err] 
2026-09-29T13:36:43.136Z pw:browser [pid=228210][err] ** (MiniBrowser:228216): CRITICAL **: 13:36:43.135: WebKitWebView is-controlled-by-automation set but automation is not allowed in the context, falling back to default session.
2026-09-29T13:36:43.494Z pw:browser [pid=228210][err] libEGL warning: failed to get driver name for fd -1
2026-09-29T13:36:43.494Z pw:browser [pid=228210][err] 
2026-09-29T13:36:43.498Z pw:browser [pid=228210][err] libEGL warning: MESA-LOADER: failed to retrieve device information
2026-09-29T13:36:43.498Z pw:browser [pid=228210][err] 
2026-09-29T13:36:43.498Z pw:browser [pid=228210][err] libEGL warning: failed to get driver name for fd -1
2026-09-29T13:36:43.498Z pw:browser [pid=228210][err] 
2026-09-29T13:36:43.520Z pw:browser [pid=228210][err] MESA: error: ZINK: vkCreateInstance failed (VK_ERROR_INCOMPATIBLE_DRIVER)
2026-09-29T13:36:43.521Z pw:browser [pid=228210][err] libEGL warning: egl: failed to create dri2 screen
2026-09-29T13:36:45.645Z pw:browser [pid=228210][err] 
2026-09-29T13:36:45.646Z pw:browser [pid=228210][err] ** (MiniBrowser:228216): CRITICAL **: 13:36:45.639: WebKitWebView is-controlled-by-automation set but automation is not allowed in the context, falling back to default session.
2026-09-29T13:36:46.134Z pw:browser [pid=228210][err] libEGL warning: failed to get driver name for fd -1
2026-09-29T13:36:46.134Z pw:browser [pid=228210][err] 
2026-09-29T13:36:46.137Z pw:browser [pid=228210][err] libEGL warning: MESA-LOADER: failed to retrieve device information
2026-09-29T13:36:46.137Z pw:browser [pid=228210][err] 
2026-09-29T13:36:46.137Z pw:browser [pid=228210][err] libEGL warning: failed to get driver name for fd -1
2026-09-29T13:36:46.137Z pw:browser [pid=228210][err] 
2026-09-29T13:36:46.161Z pw:browser [pid=228210][err] MESA: error: ZINK: vkCreateInstance failed (VK_ERROR_INCOMPATIBLE_DRIVER)
2026-09-29T13:36:46.162Z pw:browser [pid=228210][err] libEGL warning: egl: failed to create dri2 screen
2026-09-29T13:36:48.361Z pw:browser [pid=228210] <gracefully close start>
2026-09-29T13:36:48.410Z pw:browser [pid=228210] <process did exit: exitCode=0, signal=null>
2026-09-29T13:36:48.410Z pw:browser [pid=228210] starting temporary directories cleanup
2026-09-29T13:36:48.414Z pw:browser [pid=228210] finished temporary directories cleanup
2026-09-29T13:36:48.415Z pw:browser [pid=228210] <gracefully close end>
